server/src/index.ts(1083,18): error TS18048: 'venue' is possibly 'undefined'.
server/src/index.ts(1084,17): error TS18048: 'venue' is possibly 'undefined'.
server/src/index.ts(1085,17): error TS18048: 'venue' is possibly 'undefined'.
server/src/index.ts(1086,17): error TS18048: 'venue' is possibly 'undefined'.
server/src/index.ts(1087,20): error TS18048: 'venue' is possibly 'undefined'.
server/src/index.ts(1137,74): error TS18048: 'venue' is possibly 'undefined'.
server/src/index.ts(1142,24): error TS18048: 'venue' is possibly 'undefined'.
server/src/index.ts(1143,24): error TS18048: 'venue' is possibly 'undefined'.
server/src/venueService.ts(846,9): error TS2322: Type 'boolean | undefined' is not assignable to type 'boolean'.
  Type 'undefined' is not assignable to type 'boolean'.
server/src/venueService.ts(1266,30): error TS18048: 'userData' is possibly 'undefined'.
src/components/layout/AppShell.tsx(351,23): error TS2322: Type 'boolean | undefined' is not assignable to type 'boolean'.
  Type 'undefined' is not assignable to type 'boolean'.
src/features/league/screens/EventsScreen.tsx(43,13): error TS2322: Type '{ id: string; venueId: string; venueName: string; title: string; date: string; time: string; description: string; type: string; is_featured: boolean | undefined; score: number; is_ritual: boolean; }[]' is not assignable to type 'UnifiedEvent[]'.
  Type '{ id: string; venueId: string; venueName: string; title: string; date: string; time: string; description: string; type: string; is_featured: boolean | undefined; score: number; is_ritual: boolean; }' is not assignable to type 'UnifiedEvent'.
    Types of property 'type' are incompatible.
      Type 'string' is not assignable to type '"play" | "karaoke" | "live" | "event"'.
src/features/owner/components/ListingManagementTab.tsx(854,22): error TS18048: 'formData.happyHourMenu' is possibly 'undefined'.
src/features/owner/components/ListingManagementTab.tsx(917,57): error TS18048: 'formData.happyHourMenu' is possibly 'undefined'.
src/features/owner/components/ListingManagementTab.tsx(932,75): error TS2488: Type 'HappyHourMenuItem[] | undefined' must have a '[Symbol.iterator]()' method that returns an iterator.
src/features/owner/screens/OwnerDashboardScreen.tsx(852,98): error TS2345: Argument of type 'string | undefined' is not assignable to parameter of type 'string'.
  Type 'undefined' is not assignable to type 'string'.
src/features/profile/screens/UserProfileScreen.tsx(192,77): error TS2345: Argument of type '{ stats: { competitionPoints: number; seasonPoints?: number | undefined; lifetimeCheckins?: number | undefined; currentStreak?: number | undefined; vibeCheckCount?: number | undefined; }; }' is not assignable to parameter of type 'Partial<UserProfile>'.
  The types of 'stats.seasonPoints' are incompatible between these types.
    Type 'number | undefined' is not assignable to type 'number'.
      Type 'undefined' is not assignable to type 'number'.
src/features/venues/components/ClockInModal.tsx(158,38): error TS2774: This condition will always return true since this function is always defined. Did you mean to call it instead?
src/features/venues/components/VenueGallery.tsx(31,39): error TS2769: No overload matches this call.
  Overload 1 of 4, '(value: string | number | Date): Date', gave the following error.
    Argument of type 'number | undefined' is not assignable to parameter of type 'string | number | Date'.
      Type 'undefined' is not assignable to type 'string | number | Date'.
  Overload 2 of 4, '(value: string | number): Date', gave the following error.
    Argument of type 'number | undefined' is not assignable to parameter of type 'string | number'.
      Type 'undefined' is not assignable to type 'string | number'.
src/features/venues/screens/VenueProfileScreen.tsx(73,28): error TS18048: 'venue' is possibly 'undefined'.
src/features/venues/screens/VenueProfileScreen.tsx(74,13): error TS18048: 'venue' is possibly 'undefined'.
src/features/venues/screens/VenueProfileScreen.tsx(77,28): error TS18048: 'venue' is possibly 'undefined'.
src/features/venues/screens/VenueProfileScreen.tsx(78,26): error TS18048: 'venue' is possibly 'undefined'.
src/features/venues/screens/VenueProfileScreen.tsx(79,23): error TS18048: 'venue' is possibly 'undefined'.
src/features/venues/screens/VenueProfileScreen.tsx(80,30): error TS18048: 'venue' is possibly 'undefined'.
src/features/venues/screens/VenueProfileScreen.tsx(81,27): error TS18048: 'venue' is possibly 'undefined'.
src/features/venues/screens/VenueProfileScreen.tsx(81,54): error TS18048: 'venue' is possibly 'undefined'.
src/features/venues/screens/VenuesScreen.tsx(119,24): error TS7053: Element implicitly has an 'any' type because expression of type 'VenueStatus' can't be used to index type '{ buzzing: number; lively: number; chill: number; }'.
  Property 'dead' does not exist on type '{ buzzing: number; lively: number; chill: number; }'.
src/features/venues/screens/VenuesScreen.tsx(119,42): error TS7053: Element implicitly has an 'any' type because expression of type 'VenueStatus' can't be used to index type '{ buzzing: number; lively: number; chill: number; }'.
  Property 'dead' does not exist on type '{ buzzing: number; lively: number; chill: number; }'.
src/features/venues/screens/VenuesScreen.tsx(147,24): error TS7053: Element implicitly has an 'any' type because expression of type 'VenueStatus' can't be used to index type '{ buzzing: number; lively: number; chill: number; }'.
  Property 'dead' does not exist on type '{ buzzing: number; lively: number; chill: number; }'.
src/features/venues/screens/VenuesScreen.tsx(147,42): error TS7053: Element implicitly has an 'any' type because expression of type 'VenueStatus' can't be used to index type '{ buzzing: number; lively: number; chill: number; }'.
  Property 'dead' does not exist on type '{ buzzing: number; lively: number; chill: number; }'.
